{
  "id": 1,
  "customer_id": 1,
  "item_id": "12345",
  "quantity": 100,
  "price": 42,
  "amount": 4200
}