[
  {
    "id": "12345",
    "name": "cheese",
    "ordered_quantity": 4,
    "ordered_amount": 5
  },
  {
    "id": "2",
    "name": "item 2",
    "ordered_quantity": 5,
    "ordered_amount": 4
  }
]